[INFO] - main - ve_run(289) - Using Virtual Ecosystem v0.2.1.
[INFO] - config_builder - _collect_config_paths(427) - Config paths resolve to 7 files
[INFO] - config_builder - _load_config_toml(450) - Config TOML loaded from ve_example/config/data_config.toml
[INFO] - config_builder - _load_config_toml(450) - Config TOML loaded from ve_example/config/abiotic_simple_config.toml
[INFO] - config_builder - _load_config_toml(450) - Config TOML loaded from ve_example/config/animal_config.toml
[INFO] - config_builder - _load_config_toml(450) - Config TOML loaded from ve_example/config/hydrology_config.toml
[INFO] - config_builder - _load_config_toml(450) - Config TOML loaded from ve_example/config/litter_config.toml
[INFO] - config_builder - _load_config_toml(450) - Config TOML loaded from ve_example/config/plant_config.toml
[INFO] - config_builder - _load_config_toml(450) - Config TOML loaded from ve_example/config/soil_config.toml
[INFO] - config_builder - _compile_data(374) - Configuration data compiled.
[INFO] - registry - _register_module(163) - Registering module: virtual_ecosystem.core
[INFO] - registry - _register_module(176) - Configuration class registered for virtual_ecosystem.core
[INFO] - registry - _register_module(163) - Registering module: virtual_ecosystem.models.abiotic_simple
[INFO] - registry - _get_model(237) - Registering model class for virtual_ecosystem.models.abiotic_simple: AbioticSimpleModel
[INFO] - registry - _register_module(176) - Configuration class registered for virtual_ecosystem.models.abiotic_simple
[INFO] - registry - _register_module(163) - Registering module: virtual_ecosystem.models.animal
[INFO] - registry - _get_model(237) - Registering model class for virtual_ecosystem.models.animal: AnimalModel
[INFO] - registry - _register_module(176) - Configuration class registered for virtual_ecosystem.models.animal
[INFO] - registry - _register_module(163) - Registering module: virtual_ecosystem.models.hydrology
[INFO] - registry - _get_model(237) - Registering model class for virtual_ecosystem.models.hydrology: HydrologyModel
--- many lines omitted ---
[INFO] - data - __setitem__(237) - Replacing data array for 'soil_enzyme_pom_fungi'
[INFO] - data - __setitem__(237) - Replacing data array for 'soil_enzyme_maom_fungi'
[INFO] - data - __setitem__(237) - Replacing data array for 'soil_n_pool_ammonium'
[INFO] - data - __setitem__(237) - Replacing data array for 'soil_n_pool_nitrate'
[INFO] - data - __setitem__(237) - Replacing data array for 'soil_p_pool_primary'
[INFO] - data - __setitem__(237) - Replacing data array for 'soil_p_pool_secondary'
[INFO] - data - __setitem__(237) - Replacing data array for 'soil_p_pool_labile'
[INFO] - data - __setitem__(237) - Replacing data array for 'soil_cnp_pool_lmwc'
[INFO] - data - __setitem__(237) - Replacing data array for 'soil_cnp_pool_maom'
[INFO] - data - __setitem__(237) - Replacing data array for 'soil_cnp_pool_pom'
[INFO] - data - __setitem__(237) - Replacing data array for 'soil_cnp_pool_necromass'
[INFO] - data - __setitem__(237) - Replacing data array for 'fungal_fruiting_bodies_cnp'
[INFO] - data - __setitem__(237) - Replacing data array for 'dissolved_nitrate'
[INFO] - data - __setitem__(237) - Replacing data array for 'dissolved_ammonium'
[INFO] - data - __setitem__(237) - Replacing data array for 'dissolved_phosphorus'
[INFO] - data - __setitem__(237) - Replacing data array for 'arbuscular_mycorrhizal_n_supply'
[INFO] - data - __setitem__(237) - Replacing data array for 'ectomycorrhizal_n_supply'
[INFO] - data - __setitem__(237) - Replacing data array for 'arbuscular_mycorrhizal_p_supply'
[INFO] - data - __setitem__(237) - Replacing data array for 'ectomycorrhizal_p_supply'
[INFO] - main - ve_run(535) - Virtual Ecosystem model run completed!
